[BEGIN GLOBALS]
[END GLOBALS]
[BEGIN fn LOCALS]
global_int (formal)
b (local)
side_one (local)
side_two (local)
tmp0 (tmp)
tmp1 (tmp)
tmp2 (tmp)
tmp3 (tmp)
tmp4 (tmp)
[END fn LOCALS]
lbl_fun_fn: enter fn
getarg 1 [global_int]
[b] := 1
[global_int] := 1
[side_one] := [global_int]
[tmp0] := [global_int] ADD64 1
[side_two] := [tmp0]
[tmp1] := [global_int] DIV64 2
[tmp2] := [global_int] SUB64 [tmp1]
[side_two] := [tmp2]
[tmp3] := NOT8 [b]
[tmp4] := 1 AND8 [tmp3]
[b] := [tmp4]
goto lbl_0
lbl_0: leave fn